<!-- Placeholder invalid pain.001 message for schema validation test -->
