<!-- Placeholder pain.001 message for future integration testing -->
