{
  "message": "Placeholder business rule violation payload"
}
